../Core/Src/main.c:89:6:HAL_GPIO_EXTI_Callback	24	static
../Core/Src/main.c:138:6:HAL_UART_RxCpltCallback	0	static
../Core/Src/main.c:149:6:handleButtonAction	0	static
../Core/Src/main.c:165:6:adjustVolume	0	static
../Core/Src/main.c:185:6:togglePlayPause	0	static
../Core/Src/main.c:194:6:skipToNextSong	0	static
../Core/Src/main.c:203:6:skipToPrevSong	0	static
../Core/Src/main.c:212:6:setPixel	4	static
../Core/Src/main.c:229:6:init_buf	8	static
../Core/Src/main.c:243:6:initRowAddressValues	0	static
../Core/Src/main.c:272:6:initBsrrLookupTable	32	static
../Core/Src/main.c:300:6:initPixelLookupTable	16	static
../Core/Src/main.c:322:6:updateDisplay	56	static,ignoring_inline_asm
../Core/Src/main.c:431:6:SystemClock_Config	80	static,ignoring_inline_asm
../Core/Src/main.c:374:5:main	32	static,ignoring_inline_asm
../Core/Src/main.c:593:6:Error_Handler	0	static,ignoring_inline_asm
